INS: JUMP 5 + !R15
R15: 0 -> 7
C: 0; V: 0; Z: 0; N: 0
0: 241; 1: 175; 2: 5; 3: 64; 7: 161; 8: 143; 9: 63; 10: 128; 13: 80; 14: 161; 15: 80; 16: 81; 17: 229; 18: 80; 19: 175; 20: 239; 21: 80; 22: 194; 23: 81; 24: 80; 25: 214; 26: 143; 27: 63; 31: 80; 32: 209; 33: 81; 34: 80; 35: 82; 36: 235; 37: 175; 38: 8; 39: 214; 40: 143; 41: 191; 42: 128; 45: 82; 46: 149; 47: 82; 48: 143; 49: 46; 50: 219; 51: 230; 52: 255; 53: 235; 54: 175; 55: 215

INS: MOVE F I H'3F800000', R0
R0: 0 -> 1065353216; R15: 7 -> 14
C: 0; V: 0; Z: 0; N: 0
0: 241; 1: 175; 2: 5; 3: 64; 7: 161; 8: 143; 9: 63; 10: 128; 13: 80; 14: 161; 15: 80; 16: 81; 17: 229; 18: 80; 19: 175; 20: 239; 21: 80; 22: 194; 23: 81; 24: 80; 25: 214; 26: 143; 27: 63; 31: 80; 32: 209; 33: 81; 34: 80; 35: 82; 36: 235; 37: 175; 38: 8; 39: 214; 40: 143; 41: 191; 42: 128; 45: 82; 46: 149; 47: 82; 48: 143; 49: 46; 50: 219; 51: 230; 52: 255; 53: 235; 54: 175; 55: 215

INS: MOVE F R0, R1
R0: 1065353216; R1: 0 -> 1065353216; R15: 14 -> 17
C: 0; V: 0; Z: 0; N: 0
0: 241; 1: 175; 2: 5; 3: 64; 7: 161; 8: 143; 9: 63; 10: 128; 13: 80; 14: 161; 15: 80; 16: 81; 17: 229; 18: 80; 19: 175; 20: 239; 21: 80; 22: 194; 23: 81; 24: 80; 25: 214; 26: 143; 27: 63; 31: 80; 32: 209; 33: 81; 34: 80; 35: 82; 36: 235; 37: 175; 38: 8; 39: 214; 40: 143; 41: 191; 42: 128; 45: 82; 46: 149; 47: 82; 48: 143; 49: 46; 50: 219; 51: 230; 52: 255; 53: 235; 54: 175; 55: 215

INS: DIV F R0, -17 + !R15, R0
R0: 1065353216 -> 1073741824; R1: 1065353216; R15: 17 -> 22
C: 0; V: 0; Z: 0; N: 0
0: 241; 1: 175; 2: 5; 3: 64; 7: 161; 8: 143; 9: 63; 10: 128; 13: 80; 14: 161; 15: 80; 16: 81; 17: 229; 18: 80; 19: 175; 20: 239; 21: 80; 22: 194; 23: 81; 24: 80; 25: 214; 26: 143; 27: 63; 31: 80; 32: 209; 33: 81; 34: 80; 35: 82; 36: 235; 37: 175; 38: 8; 39: 214; 40: 143; 41: 191; 42: 128; 45: 82; 46: 149; 47: 82; 48: 143; 49: 46; 50: 219; 51: 230; 52: 255; 53: 235; 54: 175; 55: 215

INS: ADD F R1, R0
R0: 1073741824 -> 1077936128; R1: 1065353216; R15: 22 -> 25
C: 0; V: 0; Z: 0; N: 0
0: 241; 1: 175; 2: 5; 3: 64; 7: 161; 8: 143; 9: 63; 10: 128; 13: 80; 14: 161; 15: 80; 16: 81; 17: 229; 18: 80; 19: 175; 20: 239; 21: 80; 22: 194; 23: 81; 24: 80; 25: 214; 26: 143; 27: 63; 31: 80; 32: 209; 33: 81; 34: 80; 35: 82; 36: 235; 37: 175; 38: 8; 39: 214; 40: 143; 41: 191; 42: 128; 45: 82; 46: 149; 47: 82; 48: 143; 49: 46; 50: 219; 51: 230; 52: 255; 53: 235; 54: 175; 55: 215

INS: MULT F I H'3F000000', R0
R0: 1077936128 -> 1069547520; R1: 1065353216; R15: 25 -> 32
C: 0; V: 0; Z: 0; N: 0
0: 241; 1: 175; 2: 5; 3: 64; 7: 161; 8: 143; 9: 63; 10: 128; 13: 80; 14: 161; 15: 80; 16: 81; 17: 229; 18: 80; 19: 175; 20: 239; 21: 80; 22: 194; 23: 81; 24: 80; 25: 214; 26: 143; 27: 63; 31: 80; 32: 209; 33: 81; 34: 80; 35: 82; 36: 235; 37: 175; 38: 8; 39: 214; 40: 143; 41: 191; 42: 128; 45: 82; 46: 149; 47: 82; 48: 143; 49: 46; 50: 219; 51: 230; 52: 255; 53: 235; 54: 175; 55: 215

INS: SUB F R1, R0, R2
R0: 1069547520; R1: 1065353216; R2: 0 -> 1056964608; R15: 32 -> 36
C: 0; V: 0; Z: 0; N: 0
0: 241; 1: 175; 2: 5; 3: 64; 7: 161; 8: 143; 9: 63; 10: 128; 13: 80; 14: 161; 15: 80; 16: 81; 17: 229; 18: 80; 19: 175; 20: 239; 21: 80; 22: 194; 23: 81; 24: 80; 25: 214; 26: 143; 27: 63; 31: 80; 32: 209; 33: 81; 34: 80; 35: 82; 36: 235; 37: 175; 38: 8; 39: 214; 40: 143; 41: 191; 42: 128; 45: 82; 46: 149; 47: 82; 48: 143; 49: 46; 50: 219; 51: 230; 52: 255; 53: 235; 54: 175; 55: 215

INS: JGT 8 + !R15
R0: 1069547520; R1: 1065353216; R2: 1056964608; R15: 36 -> 46
C: 0; V: 0; Z: 0; N: 0
0: 241; 1: 175; 2: 5; 3: 64; 7: 161; 8: 143; 9: 63; 10: 128; 13: 80; 14: 161; 15: 80; 16: 81; 17: 229; 18: 80; 19: 175; 20: 239; 21: 80; 22: 194; 23: 81; 24: 80; 25: 214; 26: 143; 27: 63; 31: 80; 32: 209; 33: 81; 34: 80; 35: 82; 36: 235; 37: 175; 38: 8; 39: 214; 40: 143; 41: 191; 42: 128; 45: 82; 46: 149; 47: 82; 48: 143; 49: 46; 50: 219; 51: 230; 52: 255; 53: 235; 54: 175; 55: 215

INS: CMP F R2, I H'2EDBE6FF'
R0: 1069547520; R1: 1065353216; R2: 1056964608; R15: 46 -> 53
C: 0; V: 0; Z: 0; N: 0
0: 241; 1: 175; 2: 5; 3: 64; 7: 161; 8: 143; 9: 63; 10: 128; 13: 80; 14: 161; 15: 80; 16: 81; 17: 229; 18: 80; 19: 175; 20: 239; 21: 80; 22: 194; 23: 81; 24: 80; 25: 214; 26: 143; 27: 63; 31: 80; 32: 209; 33: 81; 34: 80; 35: 82; 36: 235; 37: 175; 38: 8; 39: 214; 40: 143; 41: 191; 42: 128; 45: 82; 46: 149; 47: 82; 48: 143; 49: 46; 50: 219; 51: 230; 52: 255; 53: 235; 54: 175; 55: 215

INS: JGT -41 + !R15
R0: 1069547520; R1: 1065353216; R2: 1056964608; R15: 53 -> 14
C: 0; V: 0; Z: 0; N: 0
0: 241; 1: 175; 2: 5; 3: 64; 7: 161; 8: 143; 9: 63; 10: 128; 13: 80; 14: 161; 15: 80; 16: 81; 17: 229; 18: 80; 19: 175; 20: 239; 21: 80; 22: 194; 23: 81; 24: 80; 25: 214; 26: 143; 27: 63; 31: 80; 32: 209; 33: 81; 34: 80; 35: 82; 36: 235; 37: 175; 38: 8; 39: 214; 40: 143; 41: 191; 42: 128; 45: 82; 46: 149; 47: 82; 48: 143; 49: 46; 50: 219; 51: 230; 52: 255; 53: 235; 54: 175; 55: 215

INS: MOVE F R0, R1
R0: 1069547520; R1: 1065353216 -> 1069547520; R2: 1056964608; R15: 14 -> 17
C: 0; V: 0; Z: 0; N: 0
0: 241; 1: 175; 2: 5; 3: 64; 7: 161; 8: 143; 9: 63; 10: 128; 13: 80; 14: 161; 15: 80; 16: 81; 17: 229; 18: 80; 19: 175; 20: 239; 21: 80; 22: 194; 23: 81; 24: 80; 25: 214; 26: 143; 27: 63; 31: 80; 32: 209; 33: 81; 34: 80; 35: 82; 36: 235; 37: 175; 38: 8; 39: 214; 40: 143; 41: 191; 42: 128; 45: 82; 46: 149; 47: 82; 48: 143; 49: 46; 50: 219; 51: 230; 52: 255; 53: 235; 54: 175; 55: 215

INS: DIV F R0, -17 + !R15, R0
R0: 1069547520 -> 1068149419; R1: 1069547520; R2: 1056964608; R15: 17 -> 22
C: 0; V: 0; Z: 0; N: 0
0: 241; 1: 175; 2: 5; 3: 64; 7: 161; 8: 143; 9: 63; 10: 128; 13: 80; 14: 161; 15: 80; 16: 81; 17: 229; 18: 80; 19: 175; 20: 239; 21: 80; 22: 194; 23: 81; 24: 80; 25: 214; 26: 143; 27: 63; 31: 80; 32: 209; 33: 81; 34: 80; 35: 82; 36: 235; 37: 175; 38: 8; 39: 214; 40: 143; 41: 191; 42: 128; 45: 82; 46: 149; 47: 82; 48: 143; 49: 46; 50: 219; 51: 230; 52: 255; 53: 235; 54: 175; 55: 215

INS: ADD F R1, R0
R0: 1068149419 -> 1077237078; R1: 1069547520; R2: 1056964608; R15: 22 -> 25
C: 0; V: 0; Z: 0; N: 0
0: 241; 1: 175; 2: 5; 3: 64; 7: 161; 8: 143; 9: 63; 10: 128; 13: 80; 14: 161; 15: 80; 16: 81; 17: 229; 18: 80; 19: 175; 20: 239; 21: 80; 22: 194; 23: 81; 24: 80; 25: 214; 26: 143; 27: 63; 31: 80; 32: 209; 33: 81; 34: 80; 35: 82; 36: 235; 37: 175; 38: 8; 39: 214; 40: 143; 41: 191; 42: 128; 45: 82; 46: 149; 47: 82; 48: 143; 49: 46; 50: 219; 51: 230; 52: 255; 53: 235; 54: 175; 55: 215

INS: MULT F I H'3F000000', R0
R0: 1077237078 -> 1068848470; R1: 1069547520; R2: 1056964608; R15: 25 -> 32
C: 0; V: 0; Z: 0; N: 0
0: 241; 1: 175; 2: 5; 3: 64; 7: 161; 8: 143; 9: 63; 10: 128; 13: 80; 14: 161; 15: 80; 16: 81; 17: 229; 18: 80; 19: 175; 20: 239; 21: 80; 22: 194; 23: 81; 24: 80; 25: 214; 26: 143; 27: 63; 31: 80; 32: 209; 33: 81; 34: 80; 35: 82; 36: 235; 37: 175; 38: 8; 39: 214; 40: 143; 41: 191; 42: 128; 45: 82; 46: 149; 47: 82; 48: 143; 49: 46; 50: 219; 51: 230; 52: 255; 53: 235; 54: 175; 55: 215

INS: SUB F R1, R0, R2
R0: 1068848470; R1: 1069547520; R2: 1056964608 -> -1112888672; R15: 32 -> 36
C: 0; V: 0; Z: 0; N: 0 -> 1
0: 241; 1: 175; 2: 5; 3: 64; 7: 161; 8: 143; 9: 63; 10: 128; 13: 80; 14: 161; 15: 80; 16: 81; 17: 229; 18: 80; 19: 175; 20: 239; 21: 80; 22: 194; 23: 81; 24: 80; 25: 214; 26: 143; 27: 63; 31: 80; 32: 209; 33: 81; 34: 80; 35: 82; 36: 235; 37: 175; 38: 8; 39: 214; 40: 143; 41: 191; 42: 128; 45: 82; 46: 149; 47: 82; 48: 143; 49: 46; 50: 219; 51: 230; 52: 255; 53: 235; 54: 175; 55: 215

INS: JGT 8 + !R15
R0: 1068848470; R1: 1069547520; R2: -1112888672; R15: 36 -> 39
C: 0; V: 0; Z: 0; N: 1
0: 241; 1: 175; 2: 5; 3: 64; 7: 161; 8: 143; 9: 63; 10: 128; 13: 80; 14: 161; 15: 80; 16: 81; 17: 229; 18: 80; 19: 175; 20: 239; 21: 80; 22: 194; 23: 81; 24: 80; 25: 214; 26: 143; 27: 63; 31: 80; 32: 209; 33: 81; 34: 80; 35: 82; 36: 235; 37: 175; 38: 8; 39: 214; 40: 143; 41: 191; 42: 128; 45: 82; 46: 149; 47: 82; 48: 143; 49: 46; 50: 219; 51: 230; 52: 255; 53: 235; 54: 175; 55: 215

INS: MULT F I H'BF800000', R2
R0: 1068848470; R1: 1069547520; R2: -1112888672 -> 1034594976; R15: 39 -> 46
C: 0; V: 0; Z: 0; N: 1 -> 0
0: 241; 1: 175; 2: 5; 3: 64; 7: 161; 8: 143; 9: 63; 10: 128; 13: 80; 14: 161; 15: 80; 16: 81; 17: 229; 18: 80; 19: 175; 20: 239; 21: 80; 22: 194; 23: 81; 24: 80; 25: 214; 26: 143; 27: 63; 31: 80; 32: 209; 33: 81; 34: 80; 35: 82; 36: 235; 37: 175; 38: 8; 39: 214; 40: 143; 41: 191; 42: 128; 45: 82; 46: 149; 47: 82; 48: 143; 49: 46; 50: 219; 51: 230; 52: 255; 53: 235; 54: 175; 55: 215

INS: CMP F R2, I H'2EDBE6FF'
R0: 1068848470; R1: 1069547520; R2: 1034594976; R15: 46 -> 53
C: 0; V: 0; Z: 0; N: 0
0: 241; 1: 175; 2: 5; 3: 64; 7: 161; 8: 143; 9: 63; 10: 128; 13: 80; 14: 161; 15: 80; 16: 81; 17: 229; 18: 80; 19: 175; 20: 239; 21: 80; 22: 194; 23: 81; 24: 80; 25: 214; 26: 143; 27: 63; 31: 80; 32: 209; 33: 81; 34: 80; 35: 82; 36: 235; 37: 175; 38: 8; 39: 214; 40: 143; 41: 191; 42: 128; 45: 82; 46: 149; 47: 82; 48: 143; 49: 46; 50: 219; 51: 230; 52: 255; 53: 235; 54: 175; 55: 215

INS: JGT -41 + !R15
R0: 1068848470; R1: 1069547520; R2: 1034594976; R15: 53 -> 14
C: 0; V: 0; Z: 0; N: 0
0: 241; 1: 175; 2: 5; 3: 64; 7: 161; 8: 143; 9: 63; 10: 128; 13: 80; 14: 161; 15: 80; 16: 81; 17: 229; 18: 80; 19: 175; 20: 239; 21: 80; 22: 194; 23: 81; 24: 80; 25: 214; 26: 143; 27: 63; 31: 80; 32: 209; 33: 81; 34: 80; 35: 82; 36: 235; 37: 175; 38: 8; 39: 214; 40: 143; 41: 191; 42: 128; 45: 82; 46: 149; 47: 82; 48: 143; 49: 46; 50: 219; 51: 230; 52: 255; 53: 235; 54: 175; 55: 215

INS: MOVE F R0, R1
R0: 1068848470; R1: 1069547520 -> 1068848470; R2: 1034594976; R15: 14 -> 17
C: 0; V: 0; Z: 0; N: 0
0: 241; 1: 175; 2: 5; 3: 64; 7: 161; 8: 143; 9: 63; 10: 128; 13: 80; 14: 161; 15: 80; 16: 81; 17: 229; 18: 80; 19: 175; 20: 239; 21: 80; 22: 194; 23: 81; 24: 80; 25: 214; 26: 143; 27: 63; 31: 80; 32: 209; 33: 81; 34: 80; 35: 82; 36: 235; 37: 175; 38: 8; 39: 214; 40: 143; 41: 191; 42: 128; 45: 82; 46: 149; 47: 82; 48: 143; 49: 46; 50: 219; 51: 230; 52: 255; 53: 235; 54: 175; 55: 215

INS: DIV F R0, -17 + !R15, R0
R0: 1068848470 -> 1068807348; R1: 1068848470; R2: 1034594976; R15: 17 -> 22
C: 0; V: 0; Z: 0; N: 0
0: 241; 1: 175; 2: 5; 3: 64; 7: 161; 8: 143; 9: 63; 10: 128; 13: 80; 14: 161; 15: 80; 16: 81; 17: 229; 18: 80; 19: 175; 20: 239; 21: 80; 22: 194; 23: 81; 24: 80; 25: 214; 26: 143; 27: 63; 31: 80; 32: 209; 33: 81; 34: 80; 35: 82; 36: 235; 37: 175; 38: 8; 39: 214; 40: 143; 41: 191; 42: 128; 45: 82; 46: 149; 47: 82; 48: 143; 49: 46; 50: 219; 51: 230; 52: 255; 53: 235; 54: 175; 55: 215

INS: ADD F R1, R0
R0: 1068807348 -> 1077216517; R1: 1068848470; R2: 1034594976; R15: 22 -> 25
C: 0; V: 0; Z: 0; N: 0
0: 241; 1: 175; 2: 5; 3: 64; 7: 161; 8: 143; 9: 63; 10: 128; 13: 80; 14: 161; 15: 80; 16: 81; 17: 229; 18: 80; 19: 175; 20: 239; 21: 80; 22: 194; 23: 81; 24: 80; 25: 214; 26: 143; 27: 63; 31: 80; 32: 209; 33: 81; 34: 80; 35: 82; 36: 235; 37: 175; 38: 8; 39: 214; 40: 143; 41: 191; 42: 128; 45: 82; 46: 149; 47: 82; 48: 143; 49: 46; 50: 219; 51: 230; 52: 255; 53: 235; 54: 175; 55: 215

INS: MULT F I H'3F000000', R0
R0: 1077216517 -> 1068827909; R1: 1068848470; R2: 1034594976; R15: 25 -> 32
C: 0; V: 0; Z: 0; N: 0
0: 241; 1: 175; 2: 5; 3: 64; 7: 161; 8: 143; 9: 63; 10: 128; 13: 80; 14: 161; 15: 80; 16: 81; 17: 229; 18: 80; 19: 175; 20: 239; 21: 80; 22: 194; 23: 81; 24: 80; 25: 214; 26: 143; 27: 63; 31: 80; 32: 209; 33: 81; 34: 80; 35: 82; 36: 235; 37: 175; 38: 8; 39: 214; 40: 143; 41: 191; 42: 128; 45: 82; 46: 149; 47: 82; 48: 143; 49: 46; 50: 219; 51: 230; 52: 255; 53: 235; 54: 175; 55: 215

INS: SUB F R1, R0, R2
R0: 1068827909; R1: 1068848470; R2: 1034594976 -> -1155489280; R15: 32 -> 36
C: 0; V: 0; Z: 0; N: 0 -> 1
0: 241; 1: 175; 2: 5; 3: 64; 7: 161; 8: 143; 9: 63; 10: 128; 13: 80; 14: 161; 15: 80; 16: 81; 17: 229; 18: 80; 19: 175; 20: 239; 21: 80; 22: 194; 23: 81; 24: 80; 25: 214; 26: 143; 27: 63; 31: 80; 32: 209; 33: 81; 34: 80; 35: 82; 36: 235; 37: 175; 38: 8; 39: 214; 40: 143; 41: 191; 42: 128; 45: 82; 46: 149; 47: 82; 48: 143; 49: 46; 50: 219; 51: 230; 52: 255; 53: 235; 54: 175; 55: 215

INS: JGT 8 + !R15
R0: 1068827909; R1: 1068848470; R2: -1155489280; R15: 36 -> 39
C: 0; V: 0; Z: 0; N: 1
0: 241; 1: 175; 2: 5; 3: 64; 7: 161; 8: 143; 9: 63; 10: 128; 13: 80; 14: 161; 15: 80; 16: 81; 17: 229; 18: 80; 19: 175; 20: 239; 21: 80; 22: 194; 23: 81; 24: 80; 25: 214; 26: 143; 27: 63; 31: 80; 32: 209; 33: 81; 34: 80; 35: 82; 36: 235; 37: 175; 38: 8; 39: 214; 40: 143; 41: 191; 42: 128; 45: 82; 46: 149; 47: 82; 48: 143; 49: 46; 50: 219; 51: 230; 52: 255; 53: 235; 54: 175; 55: 215

INS: MULT F I H'BF800000', R2
R0: 1068827909; R1: 1068848470; R2: -1155489280 -> 991994368; R15: 39 -> 46
C: 0; V: 0; Z: 0; N: 1 -> 0
0: 241; 1: 175; 2: 5; 3: 64; 7: 161; 8: 143; 9: 63; 10: 128; 13: 80; 14: 161; 15: 80; 16: 81; 17: 229; 18: 80; 19: 175; 20: 239; 21: 80; 22: 194; 23: 81; 24: 80; 25: 214; 26: 143; 27: 63; 31: 80; 32: 209; 33: 81; 34: 80; 35: 82; 36: 235; 37: 175; 38: 8; 39: 214; 40: 143; 41: 191; 42: 128; 45: 82; 46: 149; 47: 82; 48: 143; 49: 46; 50: 219; 51: 230; 52: 255; 53: 235; 54: 175; 55: 215

INS: CMP F R2, I H'2EDBE6FF'
R0: 1068827909; R1: 1068848470; R2: 991994368; R15: 46 -> 53
C: 0; V: 0; Z: 0; N: 0
0: 241; 1: 175; 2: 5; 3: 64; 7: 161; 8: 143; 9: 63; 10: 128; 13: 80; 14: 161; 15: 80; 16: 81; 17: 229; 18: 80; 19: 175; 20: 239; 21: 80; 22: 194; 23: 81; 24: 80; 25: 214; 26: 143; 27: 63; 31: 80; 32: 209; 33: 81; 34: 80; 35: 82; 36: 235; 37: 175; 38: 8; 39: 214; 40: 143; 41: 191; 42: 128; 45: 82; 46: 149; 47: 82; 48: 143; 49: 46; 50: 219; 51: 230; 52: 255; 53: 235; 54: 175; 55: 215

INS: JGT -41 + !R15
R0: 1068827909; R1: 1068848470; R2: 991994368; R15: 53 -> 14
C: 0; V: 0; Z: 0; N: 0
0: 241; 1: 175; 2: 5; 3: 64; 7: 161; 8: 143; 9: 63; 10: 128; 13: 80; 14: 161; 15: 80; 16: 81; 17: 229; 18: 80; 19: 175; 20: 239; 21: 80; 22: 194; 23: 81; 24: 80; 25: 214; 26: 143; 27: 63; 31: 80; 32: 209; 33: 81; 34: 80; 35: 82; 36: 235; 37: 175; 38: 8; 39: 214; 40: 143; 41: 191; 42: 128; 45: 82; 46: 149; 47: 82; 48: 143; 49: 46; 50: 219; 51: 230; 52: 255; 53: 235; 54: 175; 55: 215

INS: MOVE F R0, R1
R0: 1068827909; R1: 1068848470 -> 1068827909; R2: 991994368; R15: 14 -> 17
C: 0; V: 0; Z: 0; N: 0
0: 241; 1: 175; 2: 5; 3: 64; 7: 161; 8: 143; 9: 63; 10: 128; 13: 80; 14: 161; 15: 80; 16: 81; 17: 229; 18: 80; 19: 175; 20: 239; 21: 80; 22: 194; 23: 81; 24: 80; 25: 214; 26: 143; 27: 63; 31: 80; 32: 209; 33: 81; 34: 80; 35: 82; 36: 235; 37: 175; 38: 8; 39: 214; 40: 143; 41: 191; 42: 128; 45: 82; 46: 149; 47: 82; 48: 143; 49: 46; 50: 219; 51: 230; 52: 255; 53: 235; 54: 175; 55: 215

INS: DIV F R0, -17 + !R15, R0
R0: 1068827909 -> 1068827873; R1: 1068827909; R2: 991994368; R15: 17 -> 22
C: 0; V: 0; Z: 0; N: 0
0: 241; 1: 175; 2: 5; 3: 64; 7: 161; 8: 143; 9: 63; 10: 128; 13: 80; 14: 161; 15: 80; 16: 81; 17: 229; 18: 80; 19: 175; 20: 239; 21: 80; 22: 194; 23: 81; 24: 80; 25: 214; 26: 143; 27: 63; 31: 80; 32: 209; 33: 81; 34: 80; 35: 82; 36: 235; 37: 175; 38: 8; 39: 214; 40: 143; 41: 191; 42: 128; 45: 82; 46: 149; 47: 82; 48: 143; 49: 46; 50: 219; 51: 230; 52: 255; 53: 235; 54: 175; 55: 215

INS: ADD F R1, R0
R0: 1068827873 -> 1077216499; R1: 1068827909; R2: 991994368; R15: 22 -> 25
C: 0; V: 0; Z: 0; N: 0
0: 241; 1: 175; 2: 5; 3: 64; 7: 161; 8: 143; 9: 63; 10: 128; 13: 80; 14: 161; 15: 80; 16: 81; 17: 229; 18: 80; 19: 175; 20: 239; 21: 80; 22: 194; 23: 81; 24: 80; 25: 214; 26: 143; 27: 63; 31: 80; 32: 209; 33: 81; 34: 80; 35: 82; 36: 235; 37: 175; 38: 8; 39: 214; 40: 143; 41: 191; 42: 128; 45: 82; 46: 149; 47: 82; 48: 143; 49: 46; 50: 219; 51: 230; 52: 255; 53: 235; 54: 175; 55: 215

INS: MULT F I H'3F000000', R0
R0: 1077216499 -> 1068827891; R1: 1068827909; R2: 991994368; R15: 25 -> 32
C: 0; V: 0; Z: 0; N: 0
0: 241; 1: 175; 2: 5; 3: 64; 7: 161; 8: 143; 9: 63; 10: 128; 13: 80; 14: 161; 15: 80; 16: 81; 17: 229; 18: 80; 19: 175; 20: 239; 21: 80; 22: 194; 23: 81; 24: 80; 25: 214; 26: 143; 27: 63; 31: 80; 32: 209; 33: 81; 34: 80; 35: 82; 36: 235; 37: 175; 38: 8; 39: 214; 40: 143; 41: 191; 42: 128; 45: 82; 46: 149; 47: 82; 48: 143; 49: 46; 50: 219; 51: 230; 52: 255; 53: 235; 54: 175; 55: 215

INS: SUB F R1, R0, R2
R0: 1068827891; R1: 1068827909; R2: 991994368 -> -1240465408; R15: 32 -> 36
C: 0; V: 0; Z: 0; N: 0 -> 1
0: 241; 1: 175; 2: 5; 3: 64; 7: 161; 8: 143; 9: 63; 10: 128; 13: 80; 14: 161; 15: 80; 16: 81; 17: 229; 18: 80; 19: 175; 20: 239; 21: 80; 22: 194; 23: 81; 24: 80; 25: 214; 26: 143; 27: 63; 31: 80; 32: 209; 33: 81; 34: 80; 35: 82; 36: 235; 37: 175; 38: 8; 39: 214; 40: 143; 41: 191; 42: 128; 45: 82; 46: 149; 47: 82; 48: 143; 49: 46; 50: 219; 51: 230; 52: 255; 53: 235; 54: 175; 55: 215

INS: JGT 8 + !R15
R0: 1068827891; R1: 1068827909; R2: -1240465408; R15: 36 -> 39
C: 0; V: 0; Z: 0; N: 1
0: 241; 1: 175; 2: 5; 3: 64; 7: 161; 8: 143; 9: 63; 10: 128; 13: 80; 14: 161; 15: 80; 16: 81; 17: 229; 18: 80; 19: 175; 20: 239; 21: 80; 22: 194; 23: 81; 24: 80; 25: 214; 26: 143; 27: 63; 31: 80; 32: 209; 33: 81; 34: 80; 35: 82; 36: 235; 37: 175; 38: 8; 39: 214; 40: 143; 41: 191; 42: 128; 45: 82; 46: 149; 47: 82; 48: 143; 49: 46; 50: 219; 51: 230; 52: 255; 53: 235; 54: 175; 55: 215

INS: MULT F I H'BF800000', R2
R0: 1068827891; R1: 1068827909; R2: -1240465408 -> 907018240; R15: 39 -> 46
C: 0; V: 0; Z: 0; N: 1 -> 0
0: 241; 1: 175; 2: 5; 3: 64; 7: 161; 8: 143; 9: 63; 10: 128; 13: 80; 14: 161; 15: 80; 16: 81; 17: 229; 18: 80; 19: 175; 20: 239; 21: 80; 22: 194; 23: 81; 24: 80; 25: 214; 26: 143; 27: 63; 31: 80; 32: 209; 33: 81; 34: 80; 35: 82; 36: 235; 37: 175; 38: 8; 39: 214; 40: 143; 41: 191; 42: 128; 45: 82; 46: 149; 47: 82; 48: 143; 49: 46; 50: 219; 51: 230; 52: 255; 53: 235; 54: 175; 55: 215

INS: CMP F R2, I H'2EDBE6FF'
R0: 1068827891; R1: 1068827909; R2: 907018240; R15: 46 -> 53
C: 0; V: 0; Z: 0; N: 0
0: 241; 1: 175; 2: 5; 3: 64; 7: 161; 8: 143; 9: 63; 10: 128; 13: 80; 14: 161; 15: 80; 16: 81; 17: 229; 18: 80; 19: 175; 20: 239; 21: 80; 22: 194; 23: 81; 24: 80; 25: 214; 26: 143; 27: 63; 31: 80; 32: 209; 33: 81; 34: 80; 35: 82; 36: 235; 37: 175; 38: 8; 39: 214; 40: 143; 41: 191; 42: 128; 45: 82; 46: 149; 47: 82; 48: 143; 49: 46; 50: 219; 51: 230; 52: 255; 53: 235; 54: 175; 55: 215

INS: JGT -41 + !R15
R0: 1068827891; R1: 1068827909; R2: 907018240; R15: 53 -> 14
C: 0; V: 0; Z: 0; N: 0
0: 241; 1: 175; 2: 5; 3: 64; 7: 161; 8: 143; 9: 63; 10: 128; 13: 80; 14: 161; 15: 80; 16: 81; 17: 229; 18: 80; 19: 175; 20: 239; 21: 80; 22: 194; 23: 81; 24: 80; 25: 214; 26: 143; 27: 63; 31: 80; 32: 209; 33: 81; 34: 80; 35: 82; 36: 235; 37: 175; 38: 8; 39: 214; 40: 143; 41: 191; 42: 128; 45: 82; 46: 149; 47: 82; 48: 143; 49: 46; 50: 219; 51: 230; 52: 255; 53: 235; 54: 175; 55: 215

INS: MOVE F R0, R1
R0: 1068827891; R1: 1068827909 -> 1068827891; R2: 907018240; R15: 14 -> 17
C: 0; V: 0; Z: 0; N: 0
0: 241; 1: 175; 2: 5; 3: 64; 7: 161; 8: 143; 9: 63; 10: 128; 13: 80; 14: 161; 15: 80; 16: 81; 17: 229; 18: 80; 19: 175; 20: 239; 21: 80; 22: 194; 23: 81; 24: 80; 25: 214; 26: 143; 27: 63; 31: 80; 32: 209; 33: 81; 34: 80; 35: 82; 36: 235; 37: 175; 38: 8; 39: 214; 40: 143; 41: 191; 42: 128; 45: 82; 46: 149; 47: 82; 48: 143; 49: 46; 50: 219; 51: 230; 52: 255; 53: 235; 54: 175; 55: 215

INS: DIV F R0, -17 + !R15, R0
R0: 1068827891; R1: 1068827891; R2: 907018240; R15: 17 -> 22
C: 0; V: 0; Z: 0; N: 0
0: 241; 1: 175; 2: 5; 3: 64; 7: 161; 8: 143; 9: 63; 10: 128; 13: 80; 14: 161; 15: 80; 16: 81; 17: 229; 18: 80; 19: 175; 20: 239; 21: 80; 22: 194; 23: 81; 24: 80; 25: 214; 26: 143; 27: 63; 31: 80; 32: 209; 33: 81; 34: 80; 35: 82; 36: 235; 37: 175; 38: 8; 39: 214; 40: 143; 41: 191; 42: 128; 45: 82; 46: 149; 47: 82; 48: 143; 49: 46; 50: 219; 51: 230; 52: 255; 53: 235; 54: 175; 55: 215

INS: ADD F R1, R0
R0: 1068827891 -> 1077216499; R1: 1068827891; R2: 907018240; R15: 22 -> 25
C: 0; V: 0; Z: 0; N: 0
0: 241; 1: 175; 2: 5; 3: 64; 7: 161; 8: 143; 9: 63; 10: 128; 13: 80; 14: 161; 15: 80; 16: 81; 17: 229; 18: 80; 19: 175; 20: 239; 21: 80; 22: 194; 23: 81; 24: 80; 25: 214; 26: 143; 27: 63; 31: 80; 32: 209; 33: 81; 34: 80; 35: 82; 36: 235; 37: 175; 38: 8; 39: 214; 40: 143; 41: 191; 42: 128; 45: 82; 46: 149; 47: 82; 48: 143; 49: 46; 50: 219; 51: 230; 52: 255; 53: 235; 54: 175; 55: 215

INS: MULT F I H'3F000000', R0
R0: 1077216499 -> 1068827891; R1: 1068827891; R2: 907018240; R15: 25 -> 32
C: 0; V: 0; Z: 0; N: 0
0: 241; 1: 175; 2: 5; 3: 64; 7: 161; 8: 143; 9: 63; 10: 128; 13: 80; 14: 161; 15: 80; 16: 81; 17: 229; 18: 80; 19: 175; 20: 239; 21: 80; 22: 194; 23: 81; 24: 80; 25: 214; 26: 143; 27: 63; 31: 80; 32: 209; 33: 81; 34: 80; 35: 82; 36: 235; 37: 175; 38: 8; 39: 214; 40: 143; 41: 191; 42: 128; 45: 82; 46: 149; 47: 82; 48: 143; 49: 46; 50: 219; 51: 230; 52: 255; 53: 235; 54: 175; 55: 215

INS: SUB F R1, R0, R2
R0: 1068827891; R1: 1068827891; R2: 907018240 -> 0; R15: 32 -> 36
C: 0; V: 0; Z: 0 -> 1; N: 0
0: 241; 1: 175; 2: 5; 3: 64; 7: 161; 8: 143; 9: 63; 10: 128; 13: 80; 14: 161; 15: 80; 16: 81; 17: 229; 18: 80; 19: 175; 20: 239; 21: 80; 22: 194; 23: 81; 24: 80; 25: 214; 26: 143; 27: 63; 31: 80; 32: 209; 33: 81; 34: 80; 35: 82; 36: 235; 37: 175; 38: 8; 39: 214; 40: 143; 41: 191; 42: 128; 45: 82; 46: 149; 47: 82; 48: 143; 49: 46; 50: 219; 51: 230; 52: 255; 53: 235; 54: 175; 55: 215

INS: JGT 8 + !R15
R0: 1068827891; R1: 1068827891; R15: 36 -> 39
C: 0; V: 0; Z: 1; N: 0
0: 241; 1: 175; 2: 5; 3: 64; 7: 161; 8: 143; 9: 63; 10: 128; 13: 80; 14: 161; 15: 80; 16: 81; 17: 229; 18: 80; 19: 175; 20: 239; 21: 80; 22: 194; 23: 81; 24: 80; 25: 214; 26: 143; 27: 63; 31: 80; 32: 209; 33: 81; 34: 80; 35: 82; 36: 235; 37: 175; 38: 8; 39: 214; 40: 143; 41: 191; 42: 128; 45: 82; 46: 149; 47: 82; 48: 143; 49: 46; 50: 219; 51: 230; 52: 255; 53: 235; 54: 175; 55: 215

INS: MULT F I H'BF800000', R2
R0: 1068827891; R1: 1068827891; R2: 0 -> -2147483648; R15: 39 -> 46
C: 0; V: 0; Z: 1; N: 0
0: 241; 1: 175; 2: 5; 3: 64; 7: 161; 8: 143; 9: 63; 10: 128; 13: 80; 14: 161; 15: 80; 16: 81; 17: 229; 18: 80; 19: 175; 20: 239; 21: 80; 22: 194; 23: 81; 24: 80; 25: 214; 26: 143; 27: 63; 31: 80; 32: 209; 33: 81; 34: 80; 35: 82; 36: 235; 37: 175; 38: 8; 39: 214; 40: 143; 41: 191; 42: 128; 45: 82; 46: 149; 47: 82; 48: 143; 49: 46; 50: 219; 51: 230; 52: 255; 53: 235; 54: 175; 55: 215

INS: CMP F R2, I H'2EDBE6FF'
R0: 1068827891; R1: 1068827891; R2: -2147483648; R15: 46 -> 53
C: 0; V: 0; Z: 1 -> 0; N: 0 -> 1
0: 241; 1: 175; 2: 5; 3: 64; 7: 161; 8: 143; 9: 63; 10: 128; 13: 80; 14: 161; 15: 80; 16: 81; 17: 229; 18: 80; 19: 175; 20: 239; 21: 80; 22: 194; 23: 81; 24: 80; 25: 214; 26: 143; 27: 63; 31: 80; 32: 209; 33: 81; 34: 80; 35: 82; 36: 235; 37: 175; 38: 8; 39: 214; 40: 143; 41: 191; 42: 128; 45: 82; 46: 149; 47: 82; 48: 143; 49: 46; 50: 219; 51: 230; 52: 255; 53: 235; 54: 175; 55: 215

INS: JGT -41 + !R15
R0: 1068827891; R1: 1068827891; R2: -2147483648; R15: 53 -> 56
C: 0; V: 0; Z: 0; N: 1
0: 241; 1: 175; 2: 5; 3: 64; 7: 161; 8: 143; 9: 63; 10: 128; 13: 80; 14: 161; 15: 80; 16: 81; 17: 229; 18: 80; 19: 175; 20: 239; 21: 80; 22: 194; 23: 81; 24: 80; 25: 214; 26: 143; 27: 63; 31: 80; 32: 209; 33: 81; 34: 80; 35: 82; 36: 235; 37: 175; 38: 8; 39: 214; 40: 143; 41: 191; 42: 128; 45: 82; 46: 149; 47: 82; 48: 143; 49: 46; 50: 219; 51: 230; 52: 255; 53: 235; 54: 175; 55: 215

INS: HALT
R0: 1068827891; R1: 1068827891; R2: -2147483648; R15: 56
C: 0; V: 0; Z: 0; N: 1
0: 241; 1: 175; 2: 5; 3: 64; 7: 161; 8: 143; 9: 63; 10: 128; 13: 80; 14: 161; 15: 80; 16: 81; 17: 229; 18: 80; 19: 175; 20: 239; 21: 80; 22: 194; 23: 81; 24: 80; 25: 214; 26: 143; 27: 63; 31: 80; 32: 209; 33: 81; 34: 80; 35: 82; 36: 235; 37: 175; 38: 8; 39: 214; 40: 143; 41: 191; 42: 128; 45: 82; 46: 149; 47: 82; 48: 143; 49: 46; 50: 219; 51: 230; 52: 255; 53: 235; 54: 175; 55: 215

