INS: JUMP 13 + !R15
R15: 0 -> 15
C: 0; V: 0; Z: 0; N: 0
0: 241; 1: 175; 2: 13; 6: 1; 10: 2; 14: 3; 15: 171; 16: 175; 17: 242; 18: 85; 19: 148; 20: 3; 21: 87; 22: 233; 23: 175; 24: 11; 25: 193; 26: 71; 27: 101; 28: 82; 29: 193; 30: 1; 31: 87; 32: 241; 33: 175; 34: 241

INS: MOVEA -14 + !R15, R5
R5: 0 -> 3; R15: 15 -> 19
C: 0; V: 0; Z: 0; N: 0
0: 241; 1: 175; 2: 13; 6: 1; 10: 2; 14: 3; 15: 171; 16: 175; 17: 242; 18: 85; 19: 148; 20: 3; 21: 87; 22: 233; 23: 175; 24: 11; 25: 193; 26: 71; 27: 101; 28: 82; 29: 193; 30: 1; 31: 87; 32: 241; 33: 175; 34: 241

INS: CMP W I H'00000003', R7
R5: 3; R15: 19 -> 22
C: 0; V: 0; Z: 0; N: 0
0: 241; 1: 175; 2: 13; 6: 1; 10: 2; 14: 3; 15: 171; 16: 175; 17: 242; 18: 85; 19: 148; 20: 3; 21: 87; 22: 233; 23: 175; 24: 11; 25: 193; 26: 71; 27: 101; 28: 82; 29: 193; 30: 1; 31: 87; 32: 241; 33: 175; 34: 241

INS: JEQ 11 + !R15
R5: 3; R15: 22 -> 25
C: 0; V: 0; Z: 0; N: 0
0: 241; 1: 175; 2: 13; 6: 1; 10: 2; 14: 3; 15: 171; 16: 175; 17: 242; 18: 85; 19: 148; 20: 3; 21: 87; 22: 233; 23: 175; 24: 11; 25: 193; 26: 71; 27: 101; 28: 82; 29: 193; 30: 1; 31: 87; 32: 241; 33: 175; 34: 241

INS: ADD W  !R5/R7/, R2
R2: 0 -> 1; R5: 3; R15: 25 -> 29
C: 0; V: 0; Z: 0; N: 0
0: 241; 1: 175; 2: 13; 6: 1; 10: 2; 14: 3; 15: 171; 16: 175; 17: 242; 18: 85; 19: 148; 20: 3; 21: 87; 22: 233; 23: 175; 24: 11; 25: 193; 26: 71; 27: 101; 28: 82; 29: 193; 30: 1; 31: 87; 32: 241; 33: 175; 34: 241

INS: ADD W I H'00000001', R7
R2: 1; R5: 3; R7: 0 -> 1; R15: 29 -> 32
C: 0; V: 0; Z: 0; N: 0
0: 241; 1: 175; 2: 13; 6: 1; 10: 2; 14: 3; 15: 171; 16: 175; 17: 242; 18: 85; 19: 148; 20: 3; 21: 87; 22: 233; 23: 175; 24: 11; 25: 193; 26: 71; 27: 101; 28: 82; 29: 193; 30: 1; 31: 87; 32: 241; 33: 175; 34: 241

INS: JUMP -15 + !R15
R2: 1; R5: 3; R7: 1; R15: 32 -> 19
C: 0; V: 0; Z: 0; N: 0
0: 241; 1: 175; 2: 13; 6: 1; 10: 2; 14: 3; 15: 171; 16: 175; 17: 242; 18: 85; 19: 148; 20: 3; 21: 87; 22: 233; 23: 175; 24: 11; 25: 193; 26: 71; 27: 101; 28: 82; 29: 193; 30: 1; 31: 87; 32: 241; 33: 175; 34: 241

INS: CMP W I H'00000003', R7
R2: 1; R5: 3; R7: 1; R15: 19 -> 22
C: 0; V: 0; Z: 0; N: 0
0: 241; 1: 175; 2: 13; 6: 1; 10: 2; 14: 3; 15: 171; 16: 175; 17: 242; 18: 85; 19: 148; 20: 3; 21: 87; 22: 233; 23: 175; 24: 11; 25: 193; 26: 71; 27: 101; 28: 82; 29: 193; 30: 1; 31: 87; 32: 241; 33: 175; 34: 241

INS: JEQ 11 + !R15
R2: 1; R5: 3; R7: 1; R15: 22 -> 25
C: 0; V: 0; Z: 0; N: 0
0: 241; 1: 175; 2: 13; 6: 1; 10: 2; 14: 3; 15: 171; 16: 175; 17: 242; 18: 85; 19: 148; 20: 3; 21: 87; 22: 233; 23: 175; 24: 11; 25: 193; 26: 71; 27: 101; 28: 82; 29: 193; 30: 1; 31: 87; 32: 241; 33: 175; 34: 241

INS: ADD W  !R5/R7/, R2
R2: 1 -> 3; R5: 3; R7: 1; R15: 25 -> 29
C: 0; V: 0; Z: 0; N: 0
0: 241; 1: 175; 2: 13; 6: 1; 10: 2; 14: 3; 15: 171; 16: 175; 17: 242; 18: 85; 19: 148; 20: 3; 21: 87; 22: 233; 23: 175; 24: 11; 25: 193; 26: 71; 27: 101; 28: 82; 29: 193; 30: 1; 31: 87; 32: 241; 33: 175; 34: 241

INS: ADD W I H'00000001', R7
R2: 3; R5: 3; R7: 1 -> 2; R15: 29 -> 32
C: 0; V: 0; Z: 0; N: 0
0: 241; 1: 175; 2: 13; 6: 1; 10: 2; 14: 3; 15: 171; 16: 175; 17: 242; 18: 85; 19: 148; 20: 3; 21: 87; 22: 233; 23: 175; 24: 11; 25: 193; 26: 71; 27: 101; 28: 82; 29: 193; 30: 1; 31: 87; 32: 241; 33: 175; 34: 241

INS: JUMP -15 + !R15
R2: 3; R5: 3; R7: 2; R15: 32 -> 19
C: 0; V: 0; Z: 0; N: 0
0: 241; 1: 175; 2: 13; 6: 1; 10: 2; 14: 3; 15: 171; 16: 175; 17: 242; 18: 85; 19: 148; 20: 3; 21: 87; 22: 233; 23: 175; 24: 11; 25: 193; 26: 71; 27: 101; 28: 82; 29: 193; 30: 1; 31: 87; 32: 241; 33: 175; 34: 241

INS: CMP W I H'00000003', R7
R2: 3; R5: 3; R7: 2; R15: 19 -> 22
C: 0; V: 0; Z: 0; N: 0
0: 241; 1: 175; 2: 13; 6: 1; 10: 2; 14: 3; 15: 171; 16: 175; 17: 242; 18: 85; 19: 148; 20: 3; 21: 87; 22: 233; 23: 175; 24: 11; 25: 193; 26: 71; 27: 101; 28: 82; 29: 193; 30: 1; 31: 87; 32: 241; 33: 175; 34: 241

INS: JEQ 11 + !R15
R2: 3; R5: 3; R7: 2; R15: 22 -> 25
C: 0; V: 0; Z: 0; N: 0
0: 241; 1: 175; 2: 13; 6: 1; 10: 2; 14: 3; 15: 171; 16: 175; 17: 242; 18: 85; 19: 148; 20: 3; 21: 87; 22: 233; 23: 175; 24: 11; 25: 193; 26: 71; 27: 101; 28: 82; 29: 193; 30: 1; 31: 87; 32: 241; 33: 175; 34: 241

INS: ADD W  !R5/R7/, R2
R2: 3 -> 6; R5: 3; R7: 2; R15: 25 -> 29
C: 0; V: 0; Z: 0; N: 0
0: 241; 1: 175; 2: 13; 6: 1; 10: 2; 14: 3; 15: 171; 16: 175; 17: 242; 18: 85; 19: 148; 20: 3; 21: 87; 22: 233; 23: 175; 24: 11; 25: 193; 26: 71; 27: 101; 28: 82; 29: 193; 30: 1; 31: 87; 32: 241; 33: 175; 34: 241

INS: ADD W I H'00000001', R7
R2: 6; R5: 3; R7: 2 -> 3; R15: 29 -> 32
C: 0; V: 0; Z: 0; N: 0
0: 241; 1: 175; 2: 13; 6: 1; 10: 2; 14: 3; 15: 171; 16: 175; 17: 242; 18: 85; 19: 148; 20: 3; 21: 87; 22: 233; 23: 175; 24: 11; 25: 193; 26: 71; 27: 101; 28: 82; 29: 193; 30: 1; 31: 87; 32: 241; 33: 175; 34: 241

INS: JUMP -15 + !R15
R2: 6; R5: 3; R7: 3; R15: 32 -> 19
C: 0; V: 0; Z: 0; N: 0
0: 241; 1: 175; 2: 13; 6: 1; 10: 2; 14: 3; 15: 171; 16: 175; 17: 242; 18: 85; 19: 148; 20: 3; 21: 87; 22: 233; 23: 175; 24: 11; 25: 193; 26: 71; 27: 101; 28: 82; 29: 193; 30: 1; 31: 87; 32: 241; 33: 175; 34: 241

INS: CMP W I H'00000003', R7
R2: 6; R5: 3; R7: 3; R15: 19 -> 22
C: 0; V: 0; Z: 0 -> 1; N: 0
0: 241; 1: 175; 2: 13; 6: 1; 10: 2; 14: 3; 15: 171; 16: 175; 17: 242; 18: 85; 19: 148; 20: 3; 21: 87; 22: 233; 23: 175; 24: 11; 25: 193; 26: 71; 27: 101; 28: 82; 29: 193; 30: 1; 31: 87; 32: 241; 33: 175; 34: 241

INS: JEQ 11 + !R15
R2: 6; R5: 3; R7: 3; R15: 22 -> 35
C: 0; V: 0; Z: 1; N: 0
0: 241; 1: 175; 2: 13; 6: 1; 10: 2; 14: 3; 15: 171; 16: 175; 17: 242; 18: 85; 19: 148; 20: 3; 21: 87; 22: 233; 23: 175; 24: 11; 25: 193; 26: 71; 27: 101; 28: 82; 29: 193; 30: 1; 31: 87; 32: 241; 33: 175; 34: 241

INS: HALT
R2: 6; R5: 3; R7: 3; R15: 35
C: 0; V: 0; Z: 1; N: 0
0: 241; 1: 175; 2: 13; 6: 1; 10: 2; 14: 3; 15: 171; 16: 175; 17: 242; 18: 85; 19: 148; 20: 3; 21: 87; 22: 233; 23: 175; 24: 11; 25: 193; 26: 71; 27: 101; 28: 82; 29: 193; 30: 1; 31: 87; 32: 241; 33: 175; 34: 241

