INS: JUMP 1 + !R15
R15: 0 -> 3
C: 0; V: 0; Z: 0; N: 0
0: 241; 1: 175; 2: 1; 3: 178; 4: 1; 5: 1; 6: 80

INS: OR W I H'00000001', I H'00000001', R0
R0: 0 -> 1; R15: 3 -> 7
C: 0; V: 0; Z: 0; N: 0
0: 241; 1: 175; 2: 1; 3: 178; 4: 1; 5: 1; 6: 80

INS: HALT
R0: 1; R15: 7
C: 0; V: 0; Z: 0; N: 0
0: 241; 1: 175; 2: 1; 3: 178; 4: 1; 5: 1; 6: 80

